---
source: src/utils/first/mod.rs
expression: first.tabled()
---
+------+-----------+
| Term | First(X)  |
+------+-----------+
| <E>  | "(", "id" |
+------+-----------+
| <E'> | "+", "ε"  |
+------+-----------+
| <P>  | "∀", "∃"  |
+------+-----------+
| <Q>  | "∀", "∃"  |
+------+-----------+
| <R>  | "(", "id" |
+------+-----------+
| <T>  | "(", "id" |
+------+-----------+
