---
source: src/utils/follow/mod.rs
expression: follow.tabled()
---
+------+--------------------+
| Term | Follow(X)          |
+------+--------------------+
| <E>  | '$', ')'           |
+------+--------------------+
| <E'> | '$', ')'           |
+------+--------------------+
| <F>  | '$', ')', '*', '+' |
+------+--------------------+
| <T>  | '$', ')', '+'      |
+------+--------------------+
| <T'> | '$', ')', '+'      |
+------+--------------------+
