---
source: src/utils/follow/mod.rs
expression: follow.tabled()
---
+------+--------------------+
| Term | Follow(X)          |
+------+--------------------+
| <E>  | "$", ")", "="      |
+------+--------------------+
| <E'> | "$", ")", "="      |
+------+--------------------+
| <P>  | "$"                |
+------+--------------------+
| <Q>  | "id"               |
+------+--------------------+
| <R>  | "$"                |
+------+--------------------+
| <T>  | "$", ")", "+", "=" |
+------+--------------------+
