---
source: src/lr0/core.rs
expression: closure
---
+----+-------------------------------------------------------------------------------------------------------------------------------------+
|    | LR0 Closure                                                                                                                         |
+----+-------------------------------------------------------------------------------------------------------------------------------------+
| 0  | [<E'> -> • <E>, <E> -> • <E> '+' <T>, <E> -> • <T>, <F> -> • '(' <E> ')', <F> -> • 'id', <T> -> • <F>, <T> -> • <T> '*' <F>]        |
+----+-------------------------------------------------------------------------------------------------------------------------------------+
| 1  | [<E> -> • <E> '+' <T>, <E> -> • <T>, <F> -> '(' • <E> ')', <F> -> • '(' <E> ')', <F> -> • 'id', <T> -> • <F>, <T> -> • <T> '*' <F>] |
+----+-------------------------------------------------------------------------------------------------------------------------------------+
| 2  | [<F> -> 'id' •]                                                                                                                     |
+----+-------------------------------------------------------------------------------------------------------------------------------------+
| 3  | [<E'> -> <E> •, <E> -> <E> • '+' <T>]                                                                                               |
+----+-------------------------------------------------------------------------------------------------------------------------------------+
| 4  | [<T> -> <F> •]                                                                                                                      |
+----+-------------------------------------------------------------------------------------------------------------------------------------+
| 5  | [<E> -> <T> •, <T> -> <T> • '*' <F>]                                                                                                |
+----+-------------------------------------------------------------------------------------------------------------------------------------+
| 6  | [<E> -> <E> • '+' <T>, <F> -> '(' <E> • ')']                                                                                        |
+----+-------------------------------------------------------------------------------------------------------------------------------------+
| 7  | [<E> -> <E> '+' • <T>, <F> -> • '(' <E> ')', <F> -> • 'id', <T> -> • <F>, <T> -> • <T> '*' <F>]                                     |
+----+-------------------------------------------------------------------------------------------------------------------------------------+
| 8  | [<F> -> • '(' <E> ')', <F> -> • 'id', <T> -> <T> '*' • <F>]                                                                         |
+----+-------------------------------------------------------------------------------------------------------------------------------------+
| 9  | [<F> -> '(' <E> ')' •]                                                                                                              |
+----+-------------------------------------------------------------------------------------------------------------------------------------+
| 10 | [<E> -> <E> '+' <T> •, <T> -> <T> • '*' <F>]                                                                                        |
+----+-------------------------------------------------------------------------------------------------------------------------------------+
| 11 | [<T> -> <T> '*' <F> •]                                                                                                              |
+----+-------------------------------------------------------------------------------------------------------------------------------------+
