---
source: src/slr/builder.rs
expression: slr
---
Table: 
+----+-----+-----+-----+-----+------+-----+------+-----+-----+-----+
|    | "+" | "*" | "(" | ")" | "id" | "$" | <E'> | <E> | <T> | <F> |
+----+-----+-----+-----+-----+------+-----+------+-----+-----+-----+
| 0  |     |     | s1  |     | s2   |     |      | g3  | g5  | g4  |
+----+-----+-----+-----+-----+------+-----+------+-----+-----+-----+
| 1  |     |     | s1  |     | s2   |     |      | g6  | g5  | g4  |
+----+-----+-----+-----+-----+------+-----+------+-----+-----+-----+
| 2  | r6  | r6  |     | r6  |      | r6  |      |     |     |     |
+----+-----+-----+-----+-----+------+-----+------+-----+-----+-----+
| 3  | s7  |     |     |     |      | r0  |      |     |     |     |
+----+-----+-----+-----+-----+------+-----+------+-----+-----+-----+
| 4  | r4  | r4  |     | r4  |      | r4  |      |     |     |     |
+----+-----+-----+-----+-----+------+-----+------+-----+-----+-----+
| 5  | r2  | s8  |     | r2  |      | r2  |      |     |     |     |
+----+-----+-----+-----+-----+------+-----+------+-----+-----+-----+
| 6  | s7  |     |     | s9  |      |     |      |     |     |     |
+----+-----+-----+-----+-----+------+-----+------+-----+-----+-----+
| 7  |     |     | s1  |     | s2   |     |      |     | g10 | g4  |
+----+-----+-----+-----+-----+------+-----+------+-----+-----+-----+
| 8  |     |     | s1  |     | s2   |     |      |     |     | g11 |
+----+-----+-----+-----+-----+------+-----+------+-----+-----+-----+
| 9  | r5  | r5  |     | r5  |      | r5  |      |     |     |     |
+----+-----+-----+-----+-----+------+-----+------+-----+-----+-----+
| 10 | r1  | s8  |     | r1  |      | r1  |      |     |     |     |
+----+-----+-----+-----+-----+------+-----+------+-----+-----+-----+
| 11 | r3  | r3  |     | r3  |      | r3  |      |     |     |     |
+----+-----+-----+-----+-----+------+-----+------+-----+-----+-----+
